sat
((spy_n unknown) (goal unknown) (eggs_after unknown) (eggs_before true) (oil_after unknown) (oil_before true) (lard_after unknown) (lard_before true) (fire_before unknown))
