sat
sat
sat
sat
sat
sat
sat
sat
sat
sat
sat
unsat
unsat
sat
sat
sat
unsat
sat
unsat
unsat
sat
sat
