sat
(error "Attempt to pop beyond the top of the stack")

