(error "unknown logic QF_BV")

(error "Illegal command before set-logic: declare-fun")

(error "Illegal command before set-logic: assert")

(error "Illegal command before set-logic: check-sat")

