(error "Illegal command before set-logic: define-fun")

