(error "Illegal command before set-logic: assert")

(error "unknown logic AB_CD")

