Syntax error: expecting either 'true' or 'false', got 'quux'
