(error "unknown logic AB_CD")

(error "illegal command before set-logic: declare-sort")

(error "Illegal command before set-logic: declare-fun")

