(error "unknown logic AB_CD")

(error "Illegal command before set-logic: declare-fun")

(error "Illegal command before set-logic: declare-fun")

(error "Illegal command before set-logic: declare-fun")

(error "Illegal command before set-logic: declare-fun")

(error "Illegal command before set-logic: declare-fun")

(error "Illegal command before set-logic: declare-fun")

